// Vitest Snapshot v1, https://vitest.dev/guide/snapshot.html

exports[`<Profile /> > renders correctly and matches snapshot 1`] = `
<DocumentFragment>
  <div
    data-testid="mui-box"
  >
    <div
      data-testid="mui-box"
    >
      <div
        data-testid="typography-h4"
        font-weight="700"
      >
        pages.profile.title
      </div>
    </div>
    <div
      data-testid="mui-box"
    >
      <div
        data-testid="mui-box"
      >
        <div
          data-testid="typography-h6"
        >
          pages.profile.subTitle
        </div>
        <div
          color="text.secondary"
          data-testid="typography-body2"
        >
          pages.profile.secondSubTitle
        </div>
      </div>
      <div
        data-testid="mui-stack"
        spacing="3"
      >
        <div
          data-testid="mui-box"
        >
          <div
            color="text.primary"
            data-testid="typography-body2"
            sx="[object Object]"
          >
            pages.profile.firstName
          </div>
          <input
            disabled=""
            sx="[object Object]"
            type="text"
            value="John"
          />
        </div>
        <div
          data-testid="mui-box"
        >
          <div
            color="text.primary"
            data-testid="typography-body2"
            sx="[object Object]"
          >
            pages.profile.lastName
          </div>
          <input
            disabled=""
            sx="[object Object]"
            type="text"
            value="Doe"
          />
        </div>
        <div
          data-testid="mui-box"
        >
          <div
            color="text.primary"
            data-testid="typography-body2"
            sx="[object Object]"
          >
            pages.profile.email
          </div>
          <input
            disabled=""
            sx="[object Object]"
            type="text"
            value="john.doe@example.com"
          />
          <div
            color="text.disabled"
            data-testid="typography-body2"
            sx="[object Object]"
          >
            pages.profile.emailCannotBeChanged
          </div>
        </div>
      </div>
      <div
        data-testid="mui-box"
      >
        <button
          variant="contained"
        >
          pages.profile.edit
        </button>
      </div>
    </div>
  </div>
</DocumentFragment>
`;
