// Vitest Snapshot v1, https://vitest.dev/guide/snapshot.html

exports[`<WeatherWidget /> > matches snapshot 1`] = `
<DocumentFragment>
  <div
    class="container-0-2-1"
  >
    <div
      class="inputGroup-0-2-2"
    >
      <select
        class="select-0-2-3"
        name="select-city"
      >
        <option
          value=""
        >
          pages.weather.selectCityOrLocation
        </option>
        <option
          value="location"
        >
          pages.weather.useMyLocation
        </option>
        <option
          value="pages.weather.cities.newYork"
        >
          pages.weather.cities.newYork
        </option>
        <option
          value="pages.weather.cities.london"
        >
          pages.weather.cities.london
        </option>
        <option
          value="pages.weather.cities.tokyo"
        >
          pages.weather.cities.tokyo
        </option>
        <option
          value="pages.weather.cities.paris"
        >
          pages.weather.cities.paris
        </option>
        <option
          value="pages.weather.cities.berlin"
        >
          pages.weather.cities.berlin
        </option>
        <option
          value="pages.weather.cities.sydney"
        >
          pages.weather.cities.sydney
        </option>
        <option
          value="pages.weather.cities.rioDeJaneiro"
        >
          pages.weather.cities.rioDeJaneiro
        </option>
        <option
          value="pages.weather.cities.capeTown"
        >
          pages.weather.cities.capeTown
        </option>
        <option
          value="pages.weather.cities.mumbai"
        >
          pages.weather.cities.mumbai
        </option>
      </select>
      <div
        class="searchGroup-0-2-4"
      >
        <input
          class="input-0-2-5"
          name="search-city"
          placeholder="pages.weather.searchCity"
          value=""
        />
        <button
          class="button-0-2-6"
        >
          pages.weather.search
        </button>
      </div>
    </div>
    <div
      class="messageContainer-0-2-7"
    >
      <div
        class="loading-0-2-8"
      >
        pages.weather.selectOrSearchCity
      </div>
    </div>
  </div>
</DocumentFragment>
`;
