// Vitest Snapshot v1, https://vitest.dev/guide/snapshot.html

exports[`<CountryExplorer /> > matches snapshot (stable render) 1`] = `
<DocumentFragment>
  <div
    class="container-0-2-1"
  >
    <h1
      class="title-0-2-2"
    >
      pages.countryExplorer.title
    </h1>
    <p
      class="description-0-2-3"
    >
      pages.countryExplorer.description
    </p>
    <div
      class="wrapper-0-2-7"
    >
      <div>
        <label
          class="label-0-2-8"
        >
          pages.countryExplorer.searchByName
        </label>
        <input
          class="input-0-2-9"
          placeholder="Search by name"
          value=""
        />
      </div>
      <div>
        <label
          class="label-0-2-8"
        >
          pages.countryExplorer.regionWithNoColon
        </label>
        <select
          class="select-0-2-10"
        >
          <option
            value="All"
          >
            All
          </option>
          <option
            value="Africa"
          >
            Africa
          </option>
          <option
            value="Americas"
          >
            Americas
          </option>
          <option
            value="Asia"
          >
            Asia
          </option>
          <option
            value="Europe"
          >
            Europe
          </option>
          <option
            value="Oceania"
          >
            Oceania
          </option>
          <option
            value="Antarctic"
          >
            Antarctic
          </option>
        </select>
      </div>
      <div>
        <label
          style="display: block; font-size: 12px; color: rgb(85, 85, 85);"
        >
          pages.countryExplorer.populationWithNoColon
        </label>
        <select
          class="select-0-2-10"
        >
          <option
            value="ALL"
          >
            All populations
          </option>
          <option
            value="<10M"
          >
            &lt; 10M
          </option>
          <option
            value="10M-100M"
          >
            10M – 100M
          </option>
          <option
            value=">=100M"
          >
            ≥ 100M
          </option>
        </select>
      </div>
    </div>
    <div
      class="cardsWrapper-0-2-4"
    >
      <div
        class="cards-0-2-6"
      >
        <div
          class="container-0-2-11"
        >
          <img
            alt="France flag"
            class="img-0-2-12"
            src="flag.svg"
          />
          <div
            class="textContainer-0-2-13"
          >
            <h3
              class="countryName-0-2-14"
            >
              Canada 
              <small>
                (CA)
              </small>
            </h3>
            <div
              class="details-0-2-15"
            >
              <div>
                <strong>
                  pages.countryExplorer.capital
                </strong>
                 Paris
              </div>
              <div>
                <strong>
                  pages.countryExplorer.region
                </strong>
                 Americas
              </div>
              <div>
                <strong>
                  pages.countryExplorer.population
                </strong>
                 67,000,000
              </div>
              <div>
                <strong>
                  pages.countryExplorer.currency
                </strong>
                 Euro (€)
              </div>
              <div>
                <strong>
                  pages.countryExplorer.languages
                </strong>
                 French
              </div>
            </div>
          </div>
        </div>
      </div>
    </div>
  </div>
</DocumentFragment>
`;
