// Jest Snapshot v1, https://jestjs.io/docs/snapshot-testing

exports[`<SpeakingPractice /> snapshot renders initial UI correctly 1`] = `
<div>
  <div
    class="container-0-2-1"
    data-testid="speaking-practice-page"
  >
    <div
      class="nav-0-2-3"
      data-testid="speaking-nav"
    >
      <button
        data-testid="speaking-prev"
      >
        « 
        pages.speakingPractice.prev
      </button>
      <span
        data-testid="speaking-index"
      >
        1
         / 
        12
      </span>
      <button
        data-testid="speaking-next"
      >
        pages.speakingPractice.next
         »
      </button>
    </div>
    <div
      class="main-0-2-2"
      data-testid="speaking-main"
    >
      <h2
        class="phrase-0-2-4"
        data-testid="speaking-phrase"
      >
        שלום
      </h2>
      <p
        class="feedback-0-2-6 incorrect"
        data-testid="speaking-feedback"
      />
    </div>
    <div
      class="controls-0-2-5"
      data-testid="speaking-controls"
    >
      <button
        data-testid="speaking-play"
      >
        pages.speakingPractice.play
      </button>
      <button
        data-testid="speaking-record"
      >
        pages.speakingPractice.record
      </button>
      <button
        data-testid="speaking-nikud-toggle"
      >
        pages.speakingPractice.showNikud
      </button>
    </div>
  </div>
</div>
`;
