// Vitest Snapshot v1, https://vitest.dev/guide/snapshot.html

exports[`<TypingPractice /> > matches snapshot (initial welcome screen) 1`] = `
<DocumentFragment>
  <div
    class="welcomeContainer-0-2-26 MuiBox-root css-0"
    data-testid="typing-welcome-screen"
  >
    <p
      class="MuiTypography-root MuiTypography-body1 welcomeText-0-2-27 css-k16oju-MuiTypography-root"
    >
      pages.wordOrderGame.welcome.description
    </p>
    <button
      class="MuiButtonBase-root MuiButton-root MuiButton-contained MuiButton-containedPrimary MuiButton-sizeLarge MuiButton-containedSizeLarge MuiButton-colorPrimary MuiButton-root MuiButton-contained MuiButton-containedPrimary MuiButton-sizeLarge MuiButton-containedSizeLarge MuiButton-colorPrimary welcomeButton-0-2-28 css-79zo2g-MuiButtonBase-root-MuiButton-root"
      data-testid="typing-configure-button"
      tabindex="0"
      type="button"
    >
      pages.wordOrderGame.welcome.configure
    </button>
  </div>
</DocumentFragment>
`;
